  Determining projects to restore...
  All projects are up-to-date for restore.
  OrderSubmissionSystem.Domain -> C:\Users\Dante Salvador\OneDrive\Documents\Task\order-submission-system\src\OrderSubmissionSystem.Domain\bin\Debug\OrderSubmissionSystem.Domain.dll
  OrderSubmissionSystem.Application -> C:\Users\Dante Salvador\OneDrive\Documents\Task\order-submission-system\src\OrderSubmissionSystem.Application\bin\Debug\OrderSubmissionSystem.Application.dll
  OrderSubmissionSystem.Infrastructure -> C:\Users\Dante Salvador\OneDrive\Documents\Task\order-submission-system\src\OrderSubmissionSystem.Infrastructure\bin\Debug\OrderSubmissionSystem.Infrastructure.dll
  OrderSubmissionSystem.Api -> C:\Users\Dante Salvador\OneDrive\Documents\Task\order-submission-system\src\OrderSubmissionSystem\OrderSubmissionSystem.Api\bin\OrderSubmissionSystem.Api.dll
C:\Program Files\dotnet\sdk\9.0.304\Microsoft.Common.CurrentVersion.targets(2433,5): warning MSB3277: Found conflicts between different versions of "System.Web.Http" that could not be resolved. [C:\Users\Dante Salvador\OneDrive\Documents\Task\order-submission-system\tests\OrderSubmissionSystem.Api.IntegrationTests\OrderSubmissionSystem.Api.IntegrationTests.csproj]
C:\Program Files\dotnet\sdk\9.0.304\Microsoft.Common.CurrentVersion.targets(2433,5): warning MSB3277: There was a conflict between "System.Web.Http, Version=5.2.9.0, Culture=neutral, PublicKeyToken=31bf3856ad364e35" and "System.Web.Http, Version=5.3.0.0, Culture=neutral, PublicKeyToken=31bf3856ad364e35". [C:\Users\Dante Salvador\OneDrive\Documents\Task\order-submission-system\tests\OrderSubmissionSystem.Api.IntegrationTests\OrderSubmissionSystem.Api.IntegrationTests.csproj]
C:\Program Files\dotnet\sdk\9.0.304\Microsoft.Common.CurrentVersion.targets(2433,5): warning MSB3277:     "System.Web.Http, Version=5.2.9.0, Culture=neutral, PublicKeyToken=31bf3856ad364e35" was chosen because it was primary and "System.Web.Http, Version=5.3.0.0, Culture=neutral, PublicKeyToken=31bf3856ad364e35" was not. [C:\Users\Dante Salvador\OneDrive\Documents\Task\order-submission-system\tests\OrderSubmissionSystem.Api.IntegrationTests\OrderSubmissionSystem.Api.IntegrationTests.csproj]
C:\Program Files\dotnet\sdk\9.0.304\Microsoft.Common.CurrentVersion.targets(2433,5): warning MSB3277:     References which depend on "System.Web.Http, Version=5.2.9.0, Culture=neutral, PublicKeyToken=31bf3856ad364e35" [C:\Users\Dante Salvador\OneDrive\Documents\Task\order-submission-system\src\OrderSubmissionSystem\packages\Microsoft.AspNet.WebApi.Core.5.2.9\lib\net45\System.Web.Http.dll]. [C:\Users\Dante Salvador\OneDrive\Documents\Task\order-submission-system\tests\OrderSubmissionSystem.Api.IntegrationTests\OrderSubmissionSystem.Api.IntegrationTests.csproj]
C:\Program Files\dotnet\sdk\9.0.304\Microsoft.Common.CurrentVersion.targets(2433,5): warning MSB3277:         C:\Users\Dante Salvador\OneDrive\Documents\Task\order-submission-system\src\OrderSubmissionSystem\packages\Microsoft.AspNet.WebApi.Core.5.2.9\lib\net45\System.Web.Http.dll [C:\Users\Dante Salvador\OneDrive\Documents\Task\order-submission-system\tests\OrderSubmissionSystem.Api.IntegrationTests\OrderSubmissionSystem.Api.IntegrationTests.csproj]
C:\Program Files\dotnet\sdk\9.0.304\Microsoft.Common.CurrentVersion.targets(2433,5): warning MSB3277:           Project file item includes which caused reference "C:\Users\Dante Salvador\OneDrive\Documents\Task\order-submission-system\src\OrderSubmissionSystem\packages\Microsoft.AspNet.WebApi.Core.5.2.9\lib\net45\System.Web.Http.dll". [C:\Users\Dante Salvador\OneDrive\Documents\Task\order-submission-system\tests\OrderSubmissionSystem.Api.IntegrationTests\OrderSubmissionSystem.Api.IntegrationTests.csproj]
C:\Program Files\dotnet\sdk\9.0.304\Microsoft.Common.CurrentVersion.targets(2433,5): warning MSB3277:             System.Web.Http [C:\Users\Dante Salvador\OneDrive\Documents\Task\order-submission-system\tests\OrderSubmissionSystem.Api.IntegrationTests\OrderSubmissionSystem.Api.IntegrationTests.csproj]
C:\Program Files\dotnet\sdk\9.0.304\Microsoft.Common.CurrentVersion.targets(2433,5): warning MSB3277:     References which depend on or have been unified to "System.Web.Http, Version=5.3.0.0, Culture=neutral, PublicKeyToken=31bf3856ad364e35" []. [C:\Users\Dante Salvador\OneDrive\Documents\Task\order-submission-system\tests\OrderSubmissionSystem.Api.IntegrationTests\OrderSubmissionSystem.Api.IntegrationTests.csproj]
C:\Program Files\dotnet\sdk\9.0.304\Microsoft.Common.CurrentVersion.targets(2433,5): warning MSB3277:         C:\Users\Dante Salvador\OneDrive\Documents\Task\order-submission-system\src\OrderSubmissionSystem\OrderSubmissionSystem.Api\bin\OrderSubmissionSystem.Api.dll [C:\Users\Dante Salvador\OneDrive\Documents\Task\order-submission-system\tests\OrderSubmissionSystem.Api.IntegrationTests\OrderSubmissionSystem.Api.IntegrationTests.csproj]
C:\Program Files\dotnet\sdk\9.0.304\Microsoft.Common.CurrentVersion.targets(2433,5): warning MSB3277:           Project file item includes which caused reference "C:\Users\Dante Salvador\OneDrive\Documents\Task\order-submission-system\src\OrderSubmissionSystem\OrderSubmissionSystem.Api\bin\OrderSubmissionSystem.Api.dll". [C:\Users\Dante Salvador\OneDrive\Documents\Task\order-submission-system\tests\OrderSubmissionSystem.Api.IntegrationTests\OrderSubmissionSystem.Api.IntegrationTests.csproj]
C:\Program Files\dotnet\sdk\9.0.304\Microsoft.Common.CurrentVersion.targets(2433,5): warning MSB3277:             C:\Users\Dante Salvador\OneDrive\Documents\Task\order-submission-system\src\OrderSubmissionSystem\OrderSubmissionSystem.Api\bin\OrderSubmissionSystem.Api.dll [C:\Users\Dante Salvador\OneDrive\Documents\Task\order-submission-system\tests\OrderSubmissionSystem.Api.IntegrationTests\OrderSubmissionSystem.Api.IntegrationTests.csproj]
C:\Program Files\dotnet\sdk\9.0.304\Microsoft.Common.CurrentVersion.targets(2433,5): warning MSB3277:         C:\Users\Dante Salvador\OneDrive\Documents\Task\order-submission-system\src\OrderSubmissionSystem\packages\Microsoft.AspNet.WebApi.WebHost.5.2.9\lib\net45\System.Web.Http.WebHost.dll [C:\Users\Dante Salvador\OneDrive\Documents\Task\order-submission-system\tests\OrderSubmissionSystem.Api.IntegrationTests\OrderSubmissionSystem.Api.IntegrationTests.csproj]
C:\Program Files\dotnet\sdk\9.0.304\Microsoft.Common.CurrentVersion.targets(2433,5): warning MSB3277:           Project file item includes which caused reference "C:\Users\Dante Salvador\OneDrive\Documents\Task\order-submission-system\src\OrderSubmissionSystem\packages\Microsoft.AspNet.WebApi.WebHost.5.2.9\lib\net45\System.Web.Http.WebHost.dll". [C:\Users\Dante Salvador\OneDrive\Documents\Task\order-submission-system\tests\OrderSubmissionSystem.Api.IntegrationTests\OrderSubmissionSystem.Api.IntegrationTests.csproj]
C:\Program Files\dotnet\sdk\9.0.304\Microsoft.Common.CurrentVersion.targets(2433,5): warning MSB3277:             System.Web.Http.WebHost [C:\Users\Dante Salvador\OneDrive\Documents\Task\order-submission-system\tests\OrderSubmissionSystem.Api.IntegrationTests\OrderSubmissionSystem.Api.IntegrationTests.csproj]
C:\Program Files\dotnet\sdk\9.0.304\Microsoft.Common.CurrentVersion.targets(2433,5): warning MSB3277:             C:\Users\Dante Salvador\OneDrive\Documents\Task\order-submission-system\src\OrderSubmissionSystem\OrderSubmissionSystem.Api\bin\OrderSubmissionSystem.Api.dll [C:\Users\Dante Salvador\OneDrive\Documents\Task\order-submission-system\tests\OrderSubmissionSystem.Api.IntegrationTests\OrderSubmissionSystem.Api.IntegrationTests.csproj]
C:\Program Files\dotnet\sdk\9.0.304\Microsoft.Common.CurrentVersion.targets(2433,5): warning MSB3277:         C:\Users\Dante Salvador\OneDrive\Documents\Task\order-submission-system\src\OrderSubmissionSystem\OrderSubmissionSystem.Api\bin\Swashbuckle.Core.dll [C:\Users\Dante Salvador\OneDrive\Documents\Task\order-submission-system\tests\OrderSubmissionSystem.Api.IntegrationTests\OrderSubmissionSystem.Api.IntegrationTests.csproj]
C:\Program Files\dotnet\sdk\9.0.304\Microsoft.Common.CurrentVersion.targets(2433,5): warning MSB3277:           Project file item includes which caused reference "C:\Users\Dante Salvador\OneDrive\Documents\Task\order-submission-system\src\OrderSubmissionSystem\OrderSubmissionSystem.Api\bin\Swashbuckle.Core.dll". [C:\Users\Dante Salvador\OneDrive\Documents\Task\order-submission-system\tests\OrderSubmissionSystem.Api.IntegrationTests\OrderSubmissionSystem.Api.IntegrationTests.csproj]
C:\Program Files\dotnet\sdk\9.0.304\Microsoft.Common.CurrentVersion.targets(2433,5): warning MSB3277:             C:\Users\Dante Salvador\OneDrive\Documents\Task\order-submission-system\src\OrderSubmissionSystem\OrderSubmissionSystem.Api\bin\OrderSubmissionSystem.Api.dll [C:\Users\Dante Salvador\OneDrive\Documents\Task\order-submission-system\tests\OrderSubmissionSystem.Api.IntegrationTests\OrderSubmissionSystem.Api.IntegrationTests.csproj]
C:\Program Files\dotnet\sdk\9.0.304\Microsoft.Common.CurrentVersion.targets(2433,5): warning MSB3277:         C:\Users\Dante Salvador\OneDrive\Documents\Task\order-submission-system\src\OrderSubmissionSystem\OrderSubmissionSystem.Api\bin\Unity.WebApi.dll [C:\Users\Dante Salvador\OneDrive\Documents\Task\order-submission-system\tests\OrderSubmissionSystem.Api.IntegrationTests\OrderSubmissionSystem.Api.IntegrationTests.csproj]
C:\Program Files\dotnet\sdk\9.0.304\Microsoft.Common.CurrentVersion.targets(2433,5): warning MSB3277:           Project file item includes which caused reference "C:\Users\Dante Salvador\OneDrive\Documents\Task\order-submission-system\src\OrderSubmissionSystem\OrderSubmissionSystem.Api\bin\Unity.WebApi.dll". [C:\Users\Dante Salvador\OneDrive\Documents\Task\order-submission-system\tests\OrderSubmissionSystem.Api.IntegrationTests\OrderSubmissionSystem.Api.IntegrationTests.csproj]
C:\Program Files\dotnet\sdk\9.0.304\Microsoft.Common.CurrentVersion.targets(2433,5): warning MSB3277:             C:\Users\Dante Salvador\OneDrive\Documents\Task\order-submission-system\src\OrderSubmissionSystem\OrderSubmissionSystem.Api\bin\OrderSubmissionSystem.Api.dll [C:\Users\Dante Salvador\OneDrive\Documents\Task\order-submission-system\tests\OrderSubmissionSystem.Api.IntegrationTests\OrderSubmissionSystem.Api.IntegrationTests.csproj]
  OrderSubmissionSystem.Api.IntegrationTests -> C:\Users\Dante Salvador\OneDrive\Documents\Task\order-submission-system\tests\OrderSubmissionSystem.Api.IntegrationTests\bin\Debug\net472\OrderSubmissionSystem.Api.IntegrationTests.dll
Test run for C:\Users\Dante Salvador\OneDrive\Documents\Task\order-submission-system\tests\OrderSubmissionSystem.Api.IntegrationTests\bin\Debug\net472\OrderSubmissionSystem.Api.IntegrationTests.dll (.NETFramework,Version=v4.7.2)
VSTest version 17.14.1 (x64)

Starting test execution, please wait...
A total of 1 test files matched the specified pattern.
Failed to load extensions from file 'C:\Users\Dante Salvador\OneDrive\Documents\Task\order-submission-system\tests\OrderSubmissionSystem.Api.IntegrationTests\bin\Debug\net472\xunit.runner.visualstudio.testadapter.dll'. Please use /diag for more information.
No test is available in C:\Users\Dante Salvador\OneDrive\Documents\Task\order-submission-system\tests\OrderSubmissionSystem.Api.IntegrationTests\bin\Debug\net472\OrderSubmissionSystem.Api.IntegrationTests.dll. Make sure that test discoverer & executors are registered and platform & framework version settings are appropriate and try again.


Workload updates are available. Run `dotnet workload list` for more information.
