  Determining projects to restore...
  All projects are up-to-date for restore.
  OrderSubmissionSystem.Domain -> C:\Users\Dante Salvador\OneDrive\Documents\Task\order-submission-system\src\OrderSubmissionSystem.Domain\bin\Debug\OrderSubmissionSystem.Domain.dll
  OrderSubmissionSystem.Application -> C:\Users\Dante Salvador\OneDrive\Documents\Task\order-submission-system\src\OrderSubmissionSystem.Application\bin\Debug\OrderSubmissionSystem.Application.dll
  OrderSubmissionSystem.Infrastructure -> C:\Users\Dante Salvador\OneDrive\Documents\Task\order-submission-system\src\OrderSubmissionSystem.Infrastructure\bin\Debug\OrderSubmissionSystem.Infrastructure.dll
C:\Program Files\dotnet\sdk\9.0.304\Microsoft.Common.CurrentVersion.targets(2433,5): warning MSB3277: Found conflicts between different versions of "System.Runtime.CompilerServices.Unsafe" that could not be resolved. [C:\Users\Dante Salvador\OneDrive\Documents\Task\order-submission-system\tests\OrderSubmissionSystem.Application.Tests\OrderSubmissionSystem.Application.Tests.csproj]
C:\Program Files\dotnet\sdk\9.0.304\Microsoft.Common.CurrentVersion.targets(2433,5): warning MSB3277: There was a conflict between "System.Runtime.CompilerServices.Unsafe, Version=4.0.4.1, Culture=neutral, PublicKeyToken=b03f5f7f11d50a3a" and "System.Runtime.CompilerServices.Unsafe, Version=6.0.0.0, Culture=neutral, PublicKeyToken=b03f5f7f11d50a3a". [C:\Users\Dante Salvador\OneDrive\Documents\Task\order-submission-system\tests\OrderSubmissionSystem.Application.Tests\OrderSubmissionSystem.Application.Tests.csproj]
C:\Program Files\dotnet\sdk\9.0.304\Microsoft.Common.CurrentVersion.targets(2433,5): warning MSB3277:     "System.Runtime.CompilerServices.Unsafe, Version=4.0.4.1, Culture=neutral, PublicKeyToken=b03f5f7f11d50a3a" was chosen because it was primary and "System.Runtime.CompilerServices.Unsafe, Version=6.0.0.0, Culture=neutral, PublicKeyToken=b03f5f7f11d50a3a" was not. [C:\Users\Dante Salvador\OneDrive\Documents\Task\order-submission-system\tests\OrderSubmissionSystem.Application.Tests\OrderSubmissionSystem.Application.Tests.csproj]
C:\Program Files\dotnet\sdk\9.0.304\Microsoft.Common.CurrentVersion.targets(2433,5): warning MSB3277:     References which depend on "System.Runtime.CompilerServices.Unsafe, Version=4.0.4.1, Culture=neutral, PublicKeyToken=b03f5f7f11d50a3a" [C:\Users\Dante Salvador\.nuget\packages\system.runtime.compilerservices.unsafe\4.5.3\ref\net461\System.Runtime.CompilerServices.Unsafe.dll]. [C:\Users\Dante Salvador\OneDrive\Documents\Task\order-submission-system\tests\OrderSubmissionSystem.Application.Tests\OrderSubmissionSystem.Application.Tests.csproj]
C:\Program Files\dotnet\sdk\9.0.304\Microsoft.Common.CurrentVersion.targets(2433,5): warning MSB3277:         C:\Users\Dante Salvador\.nuget\packages\system.runtime.compilerservices.unsafe\4.5.3\ref\net461\System.Runtime.CompilerServices.Unsafe.dll [C:\Users\Dante Salvador\OneDrive\Documents\Task\order-submission-system\tests\OrderSubmissionSystem.Application.Tests\OrderSubmissionSystem.Application.Tests.csproj]
C:\Program Files\dotnet\sdk\9.0.304\Microsoft.Common.CurrentVersion.targets(2433,5): warning MSB3277:           Project file item includes which caused reference "C:\Users\Dante Salvador\.nuget\packages\system.runtime.compilerservices.unsafe\4.5.3\ref\net461\System.Runtime.CompilerServices.Unsafe.dll". [C:\Users\Dante Salvador\OneDrive\Documents\Task\order-submission-system\tests\OrderSubmissionSystem.Application.Tests\OrderSubmissionSystem.Application.Tests.csproj]
C:\Program Files\dotnet\sdk\9.0.304\Microsoft.Common.CurrentVersion.targets(2433,5): warning MSB3277:             C:\Users\Dante Salvador\.nuget\packages\system.runtime.compilerservices.unsafe\4.5.3\ref\net461\System.Runtime.CompilerServices.Unsafe.dll [C:\Users\Dante Salvador\OneDrive\Documents\Task\order-submission-system\tests\OrderSubmissionSystem.Application.Tests\OrderSubmissionSystem.Application.Tests.csproj]
C:\Program Files\dotnet\sdk\9.0.304\Microsoft.Common.CurrentVersion.targets(2433,5): warning MSB3277:     References which depend on or have been unified to "System.Runtime.CompilerServices.Unsafe, Version=6.0.0.0, Culture=neutral, PublicKeyToken=b03f5f7f11d50a3a" []. [C:\Users\Dante Salvador\OneDrive\Documents\Task\order-submission-system\tests\OrderSubmissionSystem.Application.Tests\OrderSubmissionSystem.Application.Tests.csproj]
C:\Program Files\dotnet\sdk\9.0.304\Microsoft.Common.CurrentVersion.targets(2433,5): warning MSB3277:         C:\Users\Dante Salvador\.nuget\packages\system.threading.tasks.extensions\4.5.4\lib\net461\System.Threading.Tasks.Extensions.dll [C:\Users\Dante Salvador\OneDrive\Documents\Task\order-submission-system\tests\OrderSubmissionSystem.Application.Tests\OrderSubmissionSystem.Application.Tests.csproj]
C:\Program Files\dotnet\sdk\9.0.304\Microsoft.Common.CurrentVersion.targets(2433,5): warning MSB3277:           Project file item includes which caused reference "C:\Users\Dante Salvador\.nuget\packages\system.threading.tasks.extensions\4.5.4\lib\net461\System.Threading.Tasks.Extensions.dll". [C:\Users\Dante Salvador\OneDrive\Documents\Task\order-submission-system\tests\OrderSubmissionSystem.Application.Tests\OrderSubmissionSystem.Application.Tests.csproj]
C:\Program Files\dotnet\sdk\9.0.304\Microsoft.Common.CurrentVersion.targets(2433,5): warning MSB3277:             C:\Users\Dante Salvador\.nuget\packages\system.threading.tasks.extensions\4.5.4\lib\net461\System.Threading.Tasks.Extensions.dll [C:\Users\Dante Salvador\OneDrive\Documents\Task\order-submission-system\tests\OrderSubmissionSystem.Application.Tests\OrderSubmissionSystem.Application.Tests.csproj]
C:\Program Files\dotnet\sdk\9.0.304\Microsoft.Common.CurrentVersion.targets(2433,5): warning MSB3277:             C:\Users\Dante Salvador\.nuget\packages\moq\4.20.70\lib\net462\Moq.dll [C:\Users\Dante Salvador\OneDrive\Documents\Task\order-submission-system\tests\OrderSubmissionSystem.Application.Tests\OrderSubmissionSystem.Application.Tests.csproj]
C:\Program Files\dotnet\sdk\9.0.304\Microsoft.Common.CurrentVersion.targets(2433,5): warning MSB3277:             C:\Users\Dante Salvador\OneDrive\Documents\Task\order-submission-system\src\OrderSubmissionSystem.Application\bin\Debug\OrderSubmissionSystem.Application.dll [C:\Users\Dante Salvador\OneDrive\Documents\Task\order-submission-system\tests\OrderSubmissionSystem.Application.Tests\OrderSubmissionSystem.Application.Tests.csproj]
C:\Program Files\dotnet\sdk\9.0.304\Microsoft.Common.CurrentVersion.targets(2433,5): warning MSB3277:             C:\Users\Dante Salvador\OneDrive\Documents\Task\order-submission-system\src\OrderSubmissionSystem.Infrastructure\bin\Debug\OrderSubmissionSystem.Infrastructure.dll [C:\Users\Dante Salvador\OneDrive\Documents\Task\order-submission-system\tests\OrderSubmissionSystem.Application.Tests\OrderSubmissionSystem.Application.Tests.csproj]
C:\Program Files\dotnet\sdk\9.0.304\Microsoft.Common.CurrentVersion.targets(2433,5): warning MSB3277:         C:\Users\Dante Salvador\OneDrive\Documents\Task\order-submission-system\src\OrderSubmissionSystem.Application\bin\Debug\System.Diagnostics.DiagnosticSource.dll [C:\Users\Dante Salvador\OneDrive\Documents\Task\order-submission-system\tests\OrderSubmissionSystem.Application.Tests\OrderSubmissionSystem.Application.Tests.csproj]
C:\Program Files\dotnet\sdk\9.0.304\Microsoft.Common.CurrentVersion.targets(2433,5): warning MSB3277:           Project file item includes which caused reference "C:\Users\Dante Salvador\OneDrive\Documents\Task\order-submission-system\src\OrderSubmissionSystem.Application\bin\Debug\System.Diagnostics.DiagnosticSource.dll". [C:\Users\Dante Salvador\OneDrive\Documents\Task\order-submission-system\tests\OrderSubmissionSystem.Application.Tests\OrderSubmissionSystem.Application.Tests.csproj]
C:\Program Files\dotnet\sdk\9.0.304\Microsoft.Common.CurrentVersion.targets(2433,5): warning MSB3277:             C:\Users\Dante Salvador\OneDrive\Documents\Task\order-submission-system\src\OrderSubmissionSystem.Application\bin\Debug\OrderSubmissionSystem.Application.dll [C:\Users\Dante Salvador\OneDrive\Documents\Task\order-submission-system\tests\OrderSubmissionSystem.Application.Tests\OrderSubmissionSystem.Application.Tests.csproj]
C:\Program Files\dotnet\sdk\9.0.304\Microsoft.Common.CurrentVersion.targets(2433,5): warning MSB3277:             C:\Users\Dante Salvador\OneDrive\Documents\Task\order-submission-system\src\OrderSubmissionSystem.Infrastructure\bin\Debug\OrderSubmissionSystem.Infrastructure.dll [C:\Users\Dante Salvador\OneDrive\Documents\Task\order-submission-system\tests\OrderSubmissionSystem.Application.Tests\OrderSubmissionSystem.Application.Tests.csproj]
C:\Program Files\dotnet\sdk\9.0.304\Microsoft.Common.CurrentVersion.targets(2433,5): warning MSB3277:         C:\Users\Dante Salvador\OneDrive\Documents\Task\order-submission-system\src\OrderSubmissionSystem.Application\bin\Debug\System.Memory.dll [C:\Users\Dante Salvador\OneDrive\Documents\Task\order-submission-system\tests\OrderSubmissionSystem.Application.Tests\OrderSubmissionSystem.Application.Tests.csproj]
C:\Program Files\dotnet\sdk\9.0.304\Microsoft.Common.CurrentVersion.targets(2433,5): warning MSB3277:           Project file item includes which caused reference "C:\Users\Dante Salvador\OneDrive\Documents\Task\order-submission-system\src\OrderSubmissionSystem.Application\bin\Debug\System.Memory.dll". [C:\Users\Dante Salvador\OneDrive\Documents\Task\order-submission-system\tests\OrderSubmissionSystem.Application.Tests\OrderSubmissionSystem.Application.Tests.csproj]
C:\Program Files\dotnet\sdk\9.0.304\Microsoft.Common.CurrentVersion.targets(2433,5): warning MSB3277:             C:\Users\Dante Salvador\OneDrive\Documents\Task\order-submission-system\src\OrderSubmissionSystem.Application\bin\Debug\OrderSubmissionSystem.Application.dll [C:\Users\Dante Salvador\OneDrive\Documents\Task\order-submission-system\tests\OrderSubmissionSystem.Application.Tests\OrderSubmissionSystem.Application.Tests.csproj]
C:\Program Files\dotnet\sdk\9.0.304\Microsoft.Common.CurrentVersion.targets(2433,5): warning MSB3277:             C:\Users\Dante Salvador\OneDrive\Documents\Task\order-submission-system\src\OrderSubmissionSystem.Infrastructure\bin\Debug\OrderSubmissionSystem.Infrastructure.dll [C:\Users\Dante Salvador\OneDrive\Documents\Task\order-submission-system\tests\OrderSubmissionSystem.Application.Tests\OrderSubmissionSystem.Application.Tests.csproj]
C:\Program Files\dotnet\sdk\9.0.304\Microsoft.Common.CurrentVersion.targets(2433,5): warning MSB3277: Found conflicts between different versions of "System.Runtime.CompilerServices.Unsafe" that could not be resolved. [C:\Users\Dante Salvador\OneDrive\Documents\Task\order-submission-system\tests\OrderSubmissionSystem.UnitTests\OrderSubmissionSystem.UnitTests.csproj]
C:\Program Files\dotnet\sdk\9.0.304\Microsoft.Common.CurrentVersion.targets(2433,5): warning MSB3277: There was a conflict between "System.Runtime.CompilerServices.Unsafe, Version=4.0.4.1, Culture=neutral, PublicKeyToken=b03f5f7f11d50a3a" and "System.Runtime.CompilerServices.Unsafe, Version=6.0.0.0, Culture=neutral, PublicKeyToken=b03f5f7f11d50a3a". [C:\Users\Dante Salvador\OneDrive\Documents\Task\order-submission-system\tests\OrderSubmissionSystem.UnitTests\OrderSubmissionSystem.UnitTests.csproj]
C:\Program Files\dotnet\sdk\9.0.304\Microsoft.Common.CurrentVersion.targets(2433,5): warning MSB3277:     "System.Runtime.CompilerServices.Unsafe, Version=4.0.4.1, Culture=neutral, PublicKeyToken=b03f5f7f11d50a3a" was chosen because it was primary and "System.Runtime.CompilerServices.Unsafe, Version=6.0.0.0, Culture=neutral, PublicKeyToken=b03f5f7f11d50a3a" was not. [C:\Users\Dante Salvador\OneDrive\Documents\Task\order-submission-system\tests\OrderSubmissionSystem.UnitTests\OrderSubmissionSystem.UnitTests.csproj]
C:\Program Files\dotnet\sdk\9.0.304\Microsoft.Common.CurrentVersion.targets(2433,5): warning MSB3277:     References which depend on "System.Runtime.CompilerServices.Unsafe, Version=4.0.4.1, Culture=neutral, PublicKeyToken=b03f5f7f11d50a3a" [C:\Users\Dante Salvador\.nuget\packages\system.runtime.compilerservices.unsafe\4.5.3\ref\net461\System.Runtime.CompilerServices.Unsafe.dll]. [C:\Users\Dante Salvador\OneDrive\Documents\Task\order-submission-system\tests\OrderSubmissionSystem.UnitTests\OrderSubmissionSystem.UnitTests.csproj]
C:\Program Files\dotnet\sdk\9.0.304\Microsoft.Common.CurrentVersion.targets(2433,5): warning MSB3277:         C:\Users\Dante Salvador\.nuget\packages\system.runtime.compilerservices.unsafe\4.5.3\ref\net461\System.Runtime.CompilerServices.Unsafe.dll [C:\Users\Dante Salvador\OneDrive\Documents\Task\order-submission-system\tests\OrderSubmissionSystem.UnitTests\OrderSubmissionSystem.UnitTests.csproj]
C:\Program Files\dotnet\sdk\9.0.304\Microsoft.Common.CurrentVersion.targets(2433,5): warning MSB3277:           Project file item includes which caused reference "C:\Users\Dante Salvador\.nuget\packages\system.runtime.compilerservices.unsafe\4.5.3\ref\net461\System.Runtime.CompilerServices.Unsafe.dll". [C:\Users\Dante Salvador\OneDrive\Documents\Task\order-submission-system\tests\OrderSubmissionSystem.UnitTests\OrderSubmissionSystem.UnitTests.csproj]
C:\Program Files\dotnet\sdk\9.0.304\Microsoft.Common.CurrentVersion.targets(2433,5): warning MSB3277:             C:\Users\Dante Salvador\.nuget\packages\system.runtime.compilerservices.unsafe\4.5.3\ref\net461\System.Runtime.CompilerServices.Unsafe.dll [C:\Users\Dante Salvador\OneDrive\Documents\Task\order-submission-system\tests\OrderSubmissionSystem.UnitTests\OrderSubmissionSystem.UnitTests.csproj]
C:\Program Files\dotnet\sdk\9.0.304\Microsoft.Common.CurrentVersion.targets(2433,5): warning MSB3277:     References which depend on or have been unified to "System.Runtime.CompilerServices.Unsafe, Version=6.0.0.0, Culture=neutral, PublicKeyToken=b03f5f7f11d50a3a" []. [C:\Users\Dante Salvador\OneDrive\Documents\Task\order-submission-system\tests\OrderSubmissionSystem.UnitTests\OrderSubmissionSystem.UnitTests.csproj]
C:\Program Files\dotnet\sdk\9.0.304\Microsoft.Common.CurrentVersion.targets(2433,5): warning MSB3277:         C:\Users\Dante Salvador\.nuget\packages\system.threading.tasks.extensions\4.5.4\lib\net461\System.Threading.Tasks.Extensions.dll [C:\Users\Dante Salvador\OneDrive\Documents\Task\order-submission-system\tests\OrderSubmissionSystem.UnitTests\OrderSubmissionSystem.UnitTests.csproj]
C:\Program Files\dotnet\sdk\9.0.304\Microsoft.Common.CurrentVersion.targets(2433,5): warning MSB3277:           Project file item includes which caused reference "C:\Users\Dante Salvador\.nuget\packages\system.threading.tasks.extensions\4.5.4\lib\net461\System.Threading.Tasks.Extensions.dll". [C:\Users\Dante Salvador\OneDrive\Documents\Task\order-submission-system\tests\OrderSubmissionSystem.UnitTests\OrderSubmissionSystem.UnitTests.csproj]
C:\Program Files\dotnet\sdk\9.0.304\Microsoft.Common.CurrentVersion.targets(2433,5): warning MSB3277:             C:\Users\Dante Salvador\.nuget\packages\system.threading.tasks.extensions\4.5.4\lib\net461\System.Threading.Tasks.Extensions.dll [C:\Users\Dante Salvador\OneDrive\Documents\Task\order-submission-system\tests\OrderSubmissionSystem.UnitTests\OrderSubmissionSystem.UnitTests.csproj]
C:\Program Files\dotnet\sdk\9.0.304\Microsoft.Common.CurrentVersion.targets(2433,5): warning MSB3277:             C:\Users\Dante Salvador\.nuget\packages\moq\4.20.70\lib\net462\Moq.dll [C:\Users\Dante Salvador\OneDrive\Documents\Task\order-submission-system\tests\OrderSubmissionSystem.UnitTests\OrderSubmissionSystem.UnitTests.csproj]
C:\Program Files\dotnet\sdk\9.0.304\Microsoft.Common.CurrentVersion.targets(2433,5): warning MSB3277:             C:\Users\Dante Salvador\OneDrive\Documents\Task\order-submission-system\src\OrderSubmissionSystem.Application\bin\Debug\OrderSubmissionSystem.Application.dll [C:\Users\Dante Salvador\OneDrive\Documents\Task\order-submission-system\tests\OrderSubmissionSystem.UnitTests\OrderSubmissionSystem.UnitTests.csproj]
C:\Program Files\dotnet\sdk\9.0.304\Microsoft.Common.CurrentVersion.targets(2433,5): warning MSB3277:             C:\Users\Dante Salvador\OneDrive\Documents\Task\order-submission-system\src\OrderSubmissionSystem.Infrastructure\bin\Debug\OrderSubmissionSystem.Infrastructure.dll [C:\Users\Dante Salvador\OneDrive\Documents\Task\order-submission-system\tests\OrderSubmissionSystem.UnitTests\OrderSubmissionSystem.UnitTests.csproj]
C:\Program Files\dotnet\sdk\9.0.304\Microsoft.Common.CurrentVersion.targets(2433,5): warning MSB3277:         C:\Users\Dante Salvador\OneDrive\Documents\Task\order-submission-system\src\OrderSubmissionSystem.Application\bin\Debug\System.Diagnostics.DiagnosticSource.dll [C:\Users\Dante Salvador\OneDrive\Documents\Task\order-submission-system\tests\OrderSubmissionSystem.UnitTests\OrderSubmissionSystem.UnitTests.csproj]
C:\Program Files\dotnet\sdk\9.0.304\Microsoft.Common.CurrentVersion.targets(2433,5): warning MSB3277:           Project file item includes which caused reference "C:\Users\Dante Salvador\OneDrive\Documents\Task\order-submission-system\src\OrderSubmissionSystem.Application\bin\Debug\System.Diagnostics.DiagnosticSource.dll". [C:\Users\Dante Salvador\OneDrive\Documents\Task\order-submission-system\tests\OrderSubmissionSystem.UnitTests\OrderSubmissionSystem.UnitTests.csproj]
C:\Program Files\dotnet\sdk\9.0.304\Microsoft.Common.CurrentVersion.targets(2433,5): warning MSB3277:             C:\Users\Dante Salvador\OneDrive\Documents\Task\order-submission-system\src\OrderSubmissionSystem.Application\bin\Debug\OrderSubmissionSystem.Application.dll [C:\Users\Dante Salvador\OneDrive\Documents\Task\order-submission-system\tests\OrderSubmissionSystem.UnitTests\OrderSubmissionSystem.UnitTests.csproj]
C:\Program Files\dotnet\sdk\9.0.304\Microsoft.Common.CurrentVersion.targets(2433,5): warning MSB3277:             C:\Users\Dante Salvador\OneDrive\Documents\Task\order-submission-system\src\OrderSubmissionSystem.Infrastructure\bin\Debug\OrderSubmissionSystem.Infrastructure.dll [C:\Users\Dante Salvador\OneDrive\Documents\Task\order-submission-system\tests\OrderSubmissionSystem.UnitTests\OrderSubmissionSystem.UnitTests.csproj]
C:\Program Files\dotnet\sdk\9.0.304\Microsoft.Common.CurrentVersion.targets(2433,5): warning MSB3277:         C:\Users\Dante Salvador\OneDrive\Documents\Task\order-submission-system\src\OrderSubmissionSystem.Application\bin\Debug\System.Memory.dll [C:\Users\Dante Salvador\OneDrive\Documents\Task\order-submission-system\tests\OrderSubmissionSystem.UnitTests\OrderSubmissionSystem.UnitTests.csproj]
C:\Program Files\dotnet\sdk\9.0.304\Microsoft.Common.CurrentVersion.targets(2433,5): warning MSB3277:           Project file item includes which caused reference "C:\Users\Dante Salvador\OneDrive\Documents\Task\order-submission-system\src\OrderSubmissionSystem.Application\bin\Debug\System.Memory.dll". [C:\Users\Dante Salvador\OneDrive\Documents\Task\order-submission-system\tests\OrderSubmissionSystem.UnitTests\OrderSubmissionSystem.UnitTests.csproj]
C:\Program Files\dotnet\sdk\9.0.304\Microsoft.Common.CurrentVersion.targets(2433,5): warning MSB3277:             C:\Users\Dante Salvador\OneDrive\Documents\Task\order-submission-system\src\OrderSubmissionSystem.Application\bin\Debug\OrderSubmissionSystem.Application.dll [C:\Users\Dante Salvador\OneDrive\Documents\Task\order-submission-system\tests\OrderSubmissionSystem.UnitTests\OrderSubmissionSystem.UnitTests.csproj]
C:\Program Files\dotnet\sdk\9.0.304\Microsoft.Common.CurrentVersion.targets(2433,5): warning MSB3277:             C:\Users\Dante Salvador\OneDrive\Documents\Task\order-submission-system\src\OrderSubmissionSystem.Infrastructure\bin\Debug\OrderSubmissionSystem.Infrastructure.dll [C:\Users\Dante Salvador\OneDrive\Documents\Task\order-submission-system\tests\OrderSubmissionSystem.UnitTests\OrderSubmissionSystem.UnitTests.csproj]
C:\Program Files\dotnet\sdk\9.0.304\Microsoft.Common.CurrentVersion.targets(2433,5): warning MSB3245: Could not resolve this reference. Could not locate the assembly "Unity.Abstractions, Version=5.11.7.0, Culture=neutral, PublicKeyToken=489b6accfaf20ef0, processorArchitecture=MSIL". Check to make sure the assembly exists on disk. If this reference is required by your code, you may get compilation errors. [C:\Users\Dante Salvador\OneDrive\Documents\Task\order-submission-system\src\OrderSubmissionSystem\OrderSubmissionSystem.Api\OrderSubmissionSystem.Api.csproj]
C:\Program Files\dotnet\sdk\9.0.304\Microsoft.Common.CurrentVersion.targets(2433,5): warning MSB3245: Could not resolve this reference. Could not locate the assembly "Unity.Container, Version=5.11.11.0, Culture=neutral, PublicKeyToken=489b6accfaf20ef0, processorArchitecture=MSIL". Check to make sure the assembly exists on disk. If this reference is required by your code, you may get compilation errors. [C:\Users\Dante Salvador\OneDrive\Documents\Task\order-submission-system\src\OrderSubmissionSystem\OrderSubmissionSystem.Api\OrderSubmissionSystem.Api.csproj]
C:\Users\Dante Salvador\OneDrive\Documents\Task\order-submission-system\src\OrderSubmissionSystem\OrderSubmissionSystem.Api\App_Start\UnityConfig.cs(7,13): error CS0234: The type or namespace name 'Injection' does not exist in the namespace 'Unity' (are you missing an assembly reference?) [C:\Users\Dante Salvador\OneDrive\Documents\Task\order-submission-system\src\OrderSubmissionSystem\OrderSubmissionSystem.Api\OrderSubmissionSystem.Api.csproj]
C:\Users\Dante Salvador\OneDrive\Documents\Task\order-submission-system\src\OrderSubmissionSystem\OrderSubmissionSystem.Api\App_Start\UnityConfig.cs(28,23): error CS0246: The type or namespace name 'IUnityContainer' could not be found (are you missing a using directive or an assembly reference?) [C:\Users\Dante Salvador\OneDrive\Documents\Task\order-submission-system\src\OrderSubmissionSystem\OrderSubmissionSystem.Api\OrderSubmissionSystem.Api.csproj]
C:\Users\Dante Salvador\OneDrive\Documents\Task\order-submission-system\src\OrderSubmissionSystem\OrderSubmissionSystem.Api\App_Start\UnityConfig.cs(132,55): error CS0246: The type or namespace name 'IUnityContainer' could not be found (are you missing a using directive or an assembly reference?) [C:\Users\Dante Salvador\OneDrive\Documents\Task\order-submission-system\src\OrderSubmissionSystem\OrderSubmissionSystem.Api\OrderSubmissionSystem.Api.csproj]
  OrderSubmissionSystem.UnitTests -> C:\Users\Dante Salvador\OneDrive\Documents\Task\order-submission-system\tests\OrderSubmissionSystem.UnitTests\bin\Debug\net472\OrderSubmissionSystem.UnitTests.dll
C:\Users\Dante Salvador\OneDrive\Documents\Task\order-submission-system\tests\OrderSubmissionSystem.Application.Tests\Formatters\OrderFormatterTests.cs(6,7): error CS0246: The type or namespace name 'Newtonsoft' could not be found (are you missing a using directive or an assembly reference?) [C:\Users\Dante Salvador\OneDrive\Documents\Task\order-submission-system\tests\OrderSubmissionSystem.Application.Tests\OrderSubmissionSystem.Application.Tests.csproj]
C:\Users\Dante Salvador\OneDrive\Documents\Task\order-submission-system\tests\OrderSubmissionSystem.Application.Tests\Security\UnityConfigTests.cs(15,29): error CS0234: The type or namespace name 'Api' does not exist in the namespace 'OrderSubmissionSystem' (are you missing an assembly reference?) [C:\Users\Dante Salvador\OneDrive\Documents\Task\order-submission-system\tests\OrderSubmissionSystem.Application.Tests\OrderSubmissionSystem.Application.Tests.csproj]
C:\Users\Dante Salvador\OneDrive\Documents\Task\order-submission-system\tests\OrderSubmissionSystem.Application.Tests\Security\UnityConfigTests.cs(16,29): error CS0234: The type or namespace name 'Api' does not exist in the namespace 'OrderSubmissionSystem' (are you missing an assembly reference?) [C:\Users\Dante Salvador\OneDrive\Documents\Task\order-submission-system\tests\OrderSubmissionSystem.Application.Tests\OrderSubmissionSystem.Application.Tests.csproj]
C:\Users\Dante Salvador\OneDrive\Documents\Task\order-submission-system\tests\OrderSubmissionSystem.Application.Tests\Security\UnityConfigTests.cs(17,7): error CS0246: The type or namespace name 'Unity' could not be found (are you missing a using directive or an assembly reference?) [C:\Users\Dante Salvador\OneDrive\Documents\Task\order-submission-system\tests\OrderSubmissionSystem.Application.Tests\OrderSubmissionSystem.Application.Tests.csproj]
Test run for C:\Users\Dante Salvador\OneDrive\Documents\Task\order-submission-system\tests\OrderSubmissionSystem.UnitTests\bin\Debug\net472\OrderSubmissionSystem.UnitTests.dll (.NETFramework,Version=v4.7.2)
VSTest version 17.14.1 (x64)

Starting test execution, please wait...
A total of 1 test files matched the specified pattern.
Failed to load extensions from file 'C:\Users\Dante Salvador\OneDrive\Documents\Task\order-submission-system\tests\OrderSubmissionSystem.UnitTests\bin\Debug\net472\xunit.runner.visualstudio.testadapter.dll'. Please use /diag for more information.
No test is available in C:\Users\Dante Salvador\OneDrive\Documents\Task\order-submission-system\tests\OrderSubmissionSystem.UnitTests\bin\Debug\net472\OrderSubmissionSystem.UnitTests.dll. Make sure that test discoverer & executors are registered and platform & framework version settings are appropriate and try again.

Additionally, path to test adapters can be specified using /TestAdapterPath command. Example  /TestAdapterPath:<pathToCustomAdapters>.

Workload updates are available. Run `dotnet workload list` for more information.
